02.12.26 - 11:27 pm ::: Error occured!
ErrorException: Undefined variable $bits in D:\Documents\localhost\alerts\twitch_Raid.php:38
Stack trace:
#0 D:\Documents\localhost\alerts\twitch_Raid.php(38): {closure}(2, 'Undefined varia...', 'D:\\Documents\\lo...', 38)
#1 D:\Documents\localhost\alerts\alert.php(82): processData(Array)
#2 {main}
CURRENT DATASET: 
{"user":"Sery_Bot_Alt","triggerName":"Raid","eventSource":"twitch","viewers":"45","timestamp":"02.12.26 - 11:27 pm"}
CURRENT ALERT: 
null

02.13.26 - 1:31 am ::: Error occured!
ErrorException: copy(wrestlers/ddp/bg.png): Failed to open stream: No such file or directory in D:\Documents\localhost\alerts\func_packageData.php:40
Stack trace:
#0 [internal function]: {closure}(2, 'copy(wrestlers/...', 'D:\\Documents\\lo...', 40)
#1 D:\Documents\localhost\alerts\func_packageData.php(40): copy('wrestlers/ddp/b...', 'live/bg.png')
#2 D:\Documents\localhost\alerts\twitch_Raid.php(49): packageData(Array)
#3 D:\Documents\localhost\alerts\alert.php(82): processData(Array)
#4 {main}
CURRENT DATASET: 
{"user":"spoonee","triggerName":"Raid","eventSource":"twitch","viewers":"45","timestamp":"02.13.26 - 1:31 am","topText":"spoonee and 45 viewers run in to make the save!","file":"D:\\Documents\\localhost\\alerts\\audio\\cash\\1\\ddp\\shf\\0\\ddp_t1_0_7.174.wav","delay":0,"length":7174,"diff":7174,"wrestler":"ddp","type":"cash","tier":1,"stroke":"Y","flavorText":"Boom!","lineCount":1,"logMsg":"02.13.26 - 1:31 am ::: TWITCH ALERT ::: spoonee - 45\r\n","chatMsg":"spoonee and 45 viewers run in to make the save!"}
CURRENT ALERT: 
null

02.13.26 - 2:08 am ::: Error occured!
ErrorException: scandir(audio/raid/1/): The system cannot find the path specifi (code: 3) in D:\Documents\localhost\alerts\func_pickAlert.php:9
Stack trace:
#0 [internal function]: {closure}(2, 'scandir(audio/r...', 'D:\\Documents\\lo...', 9)
#1 D:\Documents\localhost\alerts\func_pickAlert.php(9): scandir('audio/raid/1/')
#2 D:\Documents\localhost\alerts\twitch_Raid.php(18): pickAlert('raid', 1)
#3 D:\Documents\localhost\alerts\alert.php(82): processData(Array)
#4 {main}
CURRENT DATASET: 
{"user":"RestreamBot","triggerName":"Raid","eventSource":"twitch","viewers":"45","timestamp":"02.13.26 - 2:08 am","topText":"RestreamBot and 45 viewers run in to make the save!"}
CURRENT ALERT: 
null

